2026-08-28T19:45Z	bb7d2d74740d81816f1facd8	model gave no usable answer — will retry next run
2026-08-28T19:45Z	4d3f8b54b70323745dfd41fa	model gave no usable answer — will retry next run
2026-08-28T19:45Z	6197b72936bfd95636cd2826	model gave no usable answer — will retry next run
2026-08-28T19:45Z	f04e9aeac1a47696c77c1656	model gave no usable answer — will retry next run
2026-08-28T19:45Z	7e1b0fba7a621ba18f1da100	model gave no usable answer — will retry next run
2026-08-28T19:45Z	2606bb5b3eea7d6103906dbf	model gave no usable answer — will retry next run
2026-08-28T19:55Z	bb7d2d74740d81816f1facd8	no facts extracted
2026-08-28T19:55Z	4d3f8b54b70323745dfd41fa	not news (no reason given)
2026-08-28T19:55Z	6197b72936bfd95636cd2826	not news (no reason given)
2026-08-28T19:55Z	f04e9aeac1a47696c77c1656	no facts extracted
2026-08-28T19:55Z	7e1b0fba7a621ba18f1da100	no facts extracted
2026-08-28T19:55Z	2606bb5b3eea7d6103906dbf	no facts extracted
2026-09-04T21:59Z	c0bfbd75df018306df4cf479	not news (The post is a promotional highlight without concrete news co)
2026-09-04T21:59Z	ee29c3a42980035a173bc902	too short (21 chars)
2026-09-05T11:41Z	b8684cc08fe6644ab2827f12	link with no text of its own
2026-09-05T11:41Z	7378799b047007e5f8a96bee	link with no text of its own
2026-09-05T11:41Z	4e194c669e4ce9894c9fd482	link with no text of its own
2026-09-05T14:44Z	acbe73445788e5340554de39	link with no text of its own
2026-09-05T14:44Z	b051628c37fb270b615d5c2b	link with no text of its own
2026-09-05T14:44Z	a34b5cebef93ca27f23b7723	too short (27 chars)
2026-09-05T14:44Z	a5bdb45db55e59b12319d8f8	link with no text of its own
2026-09-05T14:44Z	04288804598152d51ab14a12	link with no text of its own
2026-09-05T14:44Z	8e54a5042671ae06d52f6d3b	not news (Post provides only a single fact, insufficient for headline )
2026-09-05T17:11Z	6f2df9a311074cf0b03286d1	link with no text of its own
2026-09-05T17:11Z	b36c2f630df6b5a2fba07fd2	link with no text of its own
2026-09-05T17:11Z	5b701094ff41573dcc1f9a9d	invented a position not in the post ('striker') (after a rewrite for copying)
2026-09-05T17:11Z	fd9b7857cf9e1c3d5dbbca9d	link with no text of its own
2026-09-05T19:17Z	ec63131290d1df99299183d2	link with no text of its own
2026-09-05T19:17Z	0e69f612e651d4cf3fada883	too short (38 chars)
2026-09-05T21:31Z	35847fe18cab49c844897710	too short (37 chars)
2026-09-05T21:31Z	3c6c65d8618404144563904e	too short (37 chars)
2026-09-06T15:39Z	1ddf56e04fe9066b698eaad5	link with no text of its own
2026-09-06T15:39Z	5ea63105b40eaa77e609d328	link with no text of its own
2026-09-06T15:39Z	dc27d2f115e12bc86b83db04	copies 12 consecutive words from the source ('off after just 17 minutes of brentford s draw with sunderland yesterday') (after a rewrite for copying)
2026-09-06T18:04Z	9882e18b4494bd1c42ed3858	invented a position not in the post ('striker') (after a rewrite for copying)
2026-09-06T18:04Z	7b189167735cba02782a8859	too short (37 chars)
2026-09-06T20:40Z	c0adad26756f357eead0923b	not news (The post provides only a subjective comment without verifiab)
2026-09-07T17:24Z	a7374ff1a7d05efc47948dbf	link with no text of its own
2026-09-07T17:24Z	6e91fc03052da6d09cc0d95a	link with no text of its own
2026-09-07T20:43Z	8c4d5bd8b688dea1de9939c8	not news (The post contains no verifiable factual football news; it ap)
2026-09-07T20:43Z	189f61ca91fc121f98b06227	not news (The post is a personal opinion without any factual news cont)
2026-09-07T20:43Z	313f0dd58573ee5c5d758f0c	not news (The post is a promotional announcement for a live broadcast,)
2026-09-07T20:43Z	6a2ffe6b85658a427f79ba95	link with no text of its own
2026-09-08T19:30Z	76e935099b1a9ba049640f89	not news (The post contains a commentary/podcast link about referee Mi)
2026-09-08T19:30Z	f152187a9b09c35d3365f454	link with no text of its own
2026-09-08T19:30Z	2ff7e255e6797a4982672053	link with no text of its own
2026-09-08T22:24Z	fc295a7cd24a30a1f4a887de	reply
2026-09-08T22:25Z	87646668c4bdcbf14c7484c6	not news (The post is a personal nomination request, not football news)
2026-09-08T22:25Z	93eb3d1a8adfc1e787c6cf5e	not news (The post contains no factual football information, only a pe)
2026-09-09T14:44Z	9e318b0db5959164e3559d22	invented a position not in the post ('midfielder') (after a rewrite for copying)
2026-09-09T14:44Z	5e0078b7f76678003bb05aa1	not news (The post contains speculative opinion about potential call‑u)
2026-09-09T18:20Z	d3ecedff3568fcf8e18981f9	link with no text of its own
2026-09-09T18:20Z	c372f49dc7292d271889bb4d	link with no text of its own
2026-09-09T18:20Z	58a6a4261c5bea3e75be8ee5	link with no text of its own
2026-09-09T18:20Z	4bc26a9cd7e2870b63e1a99d	reply
2026-09-09T21:04Z	e23bec8457a62e51e2c003ee	not news (The post provides no factual football information, only a va)
2026-09-10T19:02Z	3fc5fa478ae76a2e31eb02d8	link with no text of its own
2026-09-10T19:02Z	d105bc7393024fd6557e18c3	reply
2026-09-10T19:02Z	8bb9d841415b193d0a06799e	not news (The post is a personal prediction about a future squad selec)
2026-09-10T21:45Z	5cc6e001d0aabbdbbd91c22f	link with no text of its own
2026-09-11T16:57Z	60a3e09c74f15904db3e90ce	link with no text of its own
2026-09-11T16:57Z	c92442aa9e61609e4ebc289a	link with no text of its own
2026-09-11T19:32Z	a6ce0071b894990037224ae3	not news (Post contains no factual football news content)
2026-09-11T19:32Z	75ca34f6fb5871466932a872	too short (14 chars)
2026-09-11T19:32Z	bc2051582a0a4e6b396d9d0f	link with no text of its own
2026-09-11T19:32Z	36e46913db014434754cff5f	reply
2026-09-11T19:32Z	a221e6dfcb64c55a862cb6a6	reply
2026-09-11T19:32Z	26e9ba7a306c284c8ee2fcea	reply
2026-09-11T22:18Z	285de7ed8dc974f88812a555	not news (The post is a promotional announcement for a podcast/video, )
2026-09-12T13:00Z	b230eaaf7bec15801c2572bf	link with no text of its own
2026-09-12T13:00Z	c69c898614a8b520add4a7b6	link with no text of its own
2026-09-12T13:00Z	0bcaba5a4ffe2f2259d2c713	link with no text of its own
2026-09-12T13:00Z	2624a4c404470b92d3e02108	link with no text of its own
2026-09-12T13:00Z	d54d9404a6a6bf454ef7908d	link with no text of its own
2026-09-12T16:25Z	9ec8cf04157b13dcbdea1e41	link with no text of its own
2026-09-12T16:25Z	a1072850bc62dd997078de2d	link with no text of its own
2026-09-12T16:25Z	58e87c887b95e20dbaaba7ce	too short (10 chars)
2026-09-12T16:25Z	67a7f9f8b63a2267114c42fa	link with no text of its own
